logic__1006: 
logic__142: 
case__40: 
logic__46: 
logic__116: 
case__177: 
case__316: 
logic__406: 
case__53: 
reg__68: 
case__311: 
datapath__1: 
logic__532: 
logic__1007: 
case__212: 
muxpart__78: 
logic__962: 
logic__65: 
logic__983: 
case__167: 
logic__1014: 
muxpart__89: 
logic__194: 
reg__13: 
case__37: 
logic__663: 
muxpart__151: 
reg__26: 
case__345: 
logic__169: 
logic__619: 
muxpart__136: 
logic__168: 
reg__84: 
logic__606: 
logic__580: 
logic__881: 
case__180: 
logic__475: 
logic__86: 
case__88: 
case__128: 
case__148: 
case__348: 
case__34: 
logic__471: 
reg__95: 
case__246: 
case__96: 
muxpart__62: 
case__125: 
logic__631: 
reg__49: 
Reg__parameterized0: 
case__27: 
FetchDecode: 
ClusterMux: 
case__154: 
logic__1: 
logic__799: 
case__170: 
datapath__14: 
logic__901: 
logic__262: 
logic__452: 
logic__1000: 
logic__432: 
case__8: 
logic__869: 
case__7: 
reg__10: 
logic__920: 
reg__41: 
case__201: 
logic__380: 
muxpart__130: 
logic__678: 
logic__524: 
case__47: 
logic__77: 
case__364: 
muxpart__64: 
muxpart__32: 
logic__182: 
logic__108: 
muxpart__140: 
reg__5: 
muxpart__59: 
logic__950: 
logic__564: 
logic__1135: 
case__14: 
logic__947: 
reg__1: 
muxpart__28: 
logic__78: 
muxpart__34: 
case__350: 
case__156: 
Mux3In: 
reg__21: 
muxpart__162: 
case__251: 
logic__694: 
case__210: 
logic__915: 
logic__840: 
case__2: 
case__336: 
logic__130: 
case__354: 
muxpart__153: 
case__5: 
reg__3: 
muxpart__148: 
logic__103: 
logic__677: 
case__165: 
logic__634: 
logic__478: 
muxpart__75: 
logic__199: 
muxpart__156: 
logic__456: 
logic__972: 
case__237: 
logic__892: 
logic__348: 
logic__612: 
logic__889: 
muxpart__58: 
ControlPath: 
logic__203: 
logic__91: 
logic__467: 
logic__605: 
logic__944: 
reg__17: 
reg__12: 
logic__448: 
case__320: 
case__136: 
reg__46: 
case__252: 
case__324: 
CompareUnit: 
logic__151: 
datapath__12: 
case__94: 
case__257: 
logic__805: 
reg__29: 
case__247: 
logic__985: 
logic__917: 
logic__655: 
logic__943: 
logic__368: 
case__181: 
case__58: 
logic__460: 
case__20: 
reg__18: 
reg__4: 
logic__517: 
logic__147: 
muxpart__119: 
muxpart__160: 
case__32: 
logic__335: 
muxpart__110: 
case__326: 
case__202: 
logic__573: 
case__197: 
reg__40: 
logic__960: 
muxpart__42: 
case__227: 
datapath__8: 
case__192: 
muxpart__10: 
logic__273: 
case__190: 
logic__10: 
logic__528: 
logic__961: 
logic__314: 
muxpart__4: 
case__41: 
case__189: 
logic__819: 
case__342: 
case__45: 
logic__441: 
case__319: 
reg__22: 
reg__6: 
logic__327: 
muxpart__8: 
muxpart__38: 
case__362: 
case__52: 
logic__164: 
reg__20: 
logic__565: 
logic__104: 
case__168: 
logic__561: 
logic__916: 
case__74: 
logic__941: 
logic__880: 
case__258: 
reg__43: 
case__349: 
reg__89: 
logic__771: 
datapath: 
reg__52: 
logic__583: 
muxpart__12: 
logic__364: 
reg__55: 
muxpart__53: 
logic__414: 
reg__51: 
logic__309: 
case__208: 
reg__82: 
reg__106: 
case__70: 
logic__814: 
case__92: 
muxpart__123: 
logic__1134: 
case__62: 
case__242: 
case__12: 
logic__289: 
case__255: 
case__10: 
reg__44: 
logic__787: 
case__248: 
case__243: 
reg__83: 
muxpart__142: 
logic__39: 
logic__301: 
logic__664: 
reg__93: 
logic__875: 
logic__347: 
case__22: 
case__337: 
logic__402: 
logic__969: 
reg__33: 
logic__882: 
logic__111: 
logic__30: 
datapath__11: 
logic__909: 
case__87: 
reg__109: 
logic__975: 
reg__77: 
logic__176: 
logic__321: 
muxpart__87: 
logic__52: 
logic__867: 
muxpart__100: 
case__55: 
muxpart__6: 
reg__56: 
logic__51: 
logic__789: 
logic__804: 
logic__820: 
logic: 
case__329: 
reg__23: 
muxpart__73: 
muxpart__143: 
logic__424: 
logic__331: 
logic__613: 
muxpart__96: 
logic__791: 
logic__597: 
case__18: 
case__213: 
logic__11: 
case__217: 
reg: 
logic__971: 
logic__552: 
logic__352: 
muxpart__2: 
case__84: 
muxpart__31: 
logic__997: 
datapath__18: 
case__28: 
case__66: 
logic__951: 
logic__922: 
case__317: 
logic__976: 
case__206: 
case__61: 
muxpart__44: 
logic__903: 
logic__6: 
muxpart__70: 
case__83: 
case__334: 
logic__900: 
reg__85: 
logic__156: 
logic__670: 
logic__281: 
reg__114: 
case__35: 
case__80: 
logic__690: 
case__43: 
reg__115: 
case__314: 
muxpart__92: 
logic__968: 
logic__590: 
case__76: 
logic__2: 
muxpart__139: 
reg__79: 
logic__516: 
case__312: 
logic__235: 
reg__45: 
reg__32: 
muxpart__45: 
muxpart__152: 
reg__108: 
case__198: 
case__185: 
muxpart__90: 
case__162: 
logic__143: 
reg__34: 
case__357: 
reg__92: 
logic__463: 
case__323: 
muxpart__161: 
logic__993: 
case__365: 
reg__15: 
logic__129: 
case__186: 
logic__395: 
muxpart__94: 
logic__656: 
logic__173: 
logic__1136: 
case__60: 
muxpart__97: 
logic__921: 
muxpart__158: 
logic__326: 
logic__660: 
case__33: 
reg__66: 
box: 
datapath__5: 
logic__834: 
logic__914: 
logic__850: 
case__322: 
muxpart__5: 
case__205: 
logic__509: 
logic__911: 
logic__355: 
logic__1133: 
logic__285: 
case__25: 
logic__491: 
case__340: 
logic__356: 
muxpart__50: 
case__245: 
logic__521: 
logic__934: 
logic__870: 
case__46: 
RamInstr: 
reg__100: 
case__17: 
logic__859: 
logic__777: 
case__321: 
case__220: 
case__253: 
muxpart__25: 
logic__866: 
reg__81: 
case__211: 
logic__682: 
case__79: 
logic__134: 
logic__293: 
case__183: 
datapath__6: 
case__77: 
reg__61: 
logic__849: 
logic__60: 
logic__73: 
datapath__9: 
case__347: 
muxpart__82: 
case__236: 
logic__671: 
logic__575: 
RamData: 
logic__215: 
case__67: 
logic__912: 
muxpart__122: 
reg__101: 
logic__872: 
logic__82: 
logic__207: 
reg__120: 
muxpart__84: 
logic__513: 
logic__970: 
case__179: 
reg__8: 
logic__929: 
case__44: 
reg__35: 
Cluster: 
logic__160: 
case__184: 
case__144: 
case__331: 
case__3: 
muxpart__150: 
logic__910: 
logic__247: 
reg__7: 
logic__117: 
case__361: 
logic__344: 
case__182: 
logic__99: 
reg__31: 
muxpart__117: 
logic__391: 
logic__305: 
logic__38: 
logic__935: 
case__54: 
muxpart__23: 
logic__932: 
datapath__19: 
case__223: 
case__71: 
reg__117: 
muxpart__157: 
logic__33: 
logic__384: 
case__195: 
Mux: 
logic__686: 
logic__1013: 
muxpart__22: 
logic__231: 
case__176: 
muxpart__144: 
Mux3In__parameterized0: 
Mux3In__parameterized1: 
logic__1008: 
reg__9: 
logic__190: 
logic__181: 
muxpart__71: 
logic__641: 
logic__440: 
case__51: 
muxpart__48: 
logic__425: 
logic__470: 
muxpart__1: 
logic__949: 
logic__965: 
logic__908: 
muxpart__155: 
case__164: 
case__249: 
reg__90: 
logic__360: 
case__24: 
case__226: 
case__222: 
logic__773: 
reg__113: 
logic__536: 
datapath__10: 
muxpart__16: 
reg__70: 
case__173: 
datapath__16: 
reg__96: 
logic__437: 
reg__121: 
case__332: 
logic__902: 
case__21: 
logic__863: 
VectArray: 
case__85: 
case__315: 
StackBuffer: 
muxpart__129: 
case__203: 
muxpart__55: 
reg__64: 
case__209: 
reg__16: 
reg__57: 
logic__340: 
case__78: 
logic__626: 
logic__584: 
logic__1009: 
case__4: 
logic__830: 
case__72: 
case__75: 
case__93: 
logic__501: 
muxpart__61: 
reg__36: 
logic__394: 
reg__119: 
reg__19: 
logic__506: 
case__356: 
case__244: 
reg__50: 
logic__895: 
case__194: 
logic__409: 
case__225: 
reg__80: 
case__199: 
case__241: 
logic__602: 
logic__455: 
muxpart: 
logic__548: 
muxpart__47: 
logic__981: 
reg__86: 
case__16: 
case__235: 
muxpart__135: 
case__228: 
logic__334: 
muxpart__115: 
logic__775: 
muxpart__138: 
logic__1018: 
logic__227: 
signinv: 
logic__322: 
logic__1003: 
reg__25: 
muxpart__113: 
logic__1132: 
case__328: 
reg__38: 
muxpart__132: 
muxpart__13: 
reg__102: 
case__19: 
muxpart__112: 
case__140: 
case__178: 
case__29: 
logic__410: 
logic__829: 
reg__67: 
muxpart__3: 
logic__873: 
logic__371: 
logic__825: 
logic__379: 
case__221: 
case__89: 
logic__809: 
logic__486: 
logic__26: 
case__138: 
muxpart__120: 
logic__899: 
logic__72: 
case__343: 
case__171: 
reg__59: 
case__207: 
case__239: 
logic__479: 
case__49: 
muxpart__116: 
logic__800: 
Engine: 
logic__198: 
logic__967: 
case__57: 
case__64: 
muxpart__107: 
logic__34: 
case__39: 
logic__219: 
reg__118: 
case__215: 
muxpart__145: 
reg__2: 
reg__47: 
logic__620: 
muxpart__141: 
logic__1011: 
Reg__parameterized1: 
muxpart__103: 
logic__540: 
case__172: 
logic__939: 
case__68: 
case__333: 
muxpart__19: 
muxpart__26: 
case__81: 
logic__544: 
case__363: 
reg__74: 
logic__318: 
logic__824: 
logic__555: 
reg__42: 
case: 
muxpart__80: 
case__232: 
case__73: 
muxpart__56: 
AddrGenerator: 
case__69: 
reg__48: 
reg__76: 
logic__90: 
TirexCore: 
logic__339: 
case__313: 
logic__1012: 
reg__14: 
logic__125: 
reg__11: 
logic__243: 
logic__556: 
case__26: 
logic__883: 
case__142: 
case__353: 
logic__933: 
case__126: 
logic__959: 
case__193: 
Reg: 
logic__502: 
case__160: 
reg__30: 
logic__223: 
logic__942: 
case__191: 
datapath__15: 
datapath__7: 
case__82: 
reg__99: 
logic__47: 
muxpart__126: 
logic__433: 
case__346: 
logic__989: 
reg__24: 
case__11: 
case__234: 
logic__788: 
muxpart__125: 
case__91: 
case__318: 
case__327: 
logic__919: 
muxpart__36: 
logic__547: 
logic__907: 
logic__313: 
logic__59: 
muxpart__91: 
muxpart__93: 
reg__75: 
logic__98: 
logic__531: 
logic__839: 
logic__417: 
case__50: 
logic__155: 
logic__539: 
case__38: 
logic__931: 
case__48: 
case__196: 
case__231: 
case__218: 
reg__60: 
logic__948: 
case__216: 
logic__896: 
logic__897: 
reg__88: 
case__174: 
case__351: 
reg__110: 
logic__85: 
case__134: 
logic__112: 
muxpart__54: 
logic__835: 
logic__982: 
datapath__13: 
logic__844: 
muxpart__66: 
case__56: 
reg__28: 
reg__39: 
reg__69: 
reg__103: 
case__219: 
logic__376: 
reg__54: 
logic__868: 
case__63: 
addsub: 
case__42: 
logic__498: 
logic__986: 
case__344: 
logic__642: 
muxpart__149: 
logic__269: 
logic__635: 
logic__940: 
logic__429: 
case__250: 
muxpart__41: 
logic__43: 
case__59: 
reg__71: 
case__359: 
logic__177: 
muxpart__7: 
case__224: 
case__86: 
muxpart__133: 
case__330: 
logic__930: 
case__335: 
muxpart__86: 
logic__15: 
reg__37: 
case__325: 
case__130: 
logic__186: 
muxpart__17: 
logic__150: 
case__175: 
case__146: 
logic__251: 
case__214: 
logic__121: 
logic__977: 
logic__163: 
reg__87: 
logic__790: 
muxpart__146: 
case__9: 
logic__297: 
logic__239: 
case__229: 
case__169: 
case__31: 
logic__137: 
reg__105: 
reg__98: 
case__15: 
case__6: 
logic__19: 
logic__69: 
reg__58: 
reg__73: 
case__256: 
case__187: 
reg__78: 
logic__898: 
muxpart__14: 
Tile: 
case__339: 
logic__906: 
logic__124: 
case__152: 
logic__421: 
case__240: 
case__127: 
reg__97: 
logic__994: 
case__90: 
logic__277: 
logic__845: 
case__338: 
case__341: 
muxpart__20: 
reg__27: 
logic__689: 
logic__56: 
logic__9: 
logic__574: 
datapath__2: 
logic__445: 
case__36: 
case__65: 
muxpart__163: 
muxpart__29: 
logic__627: 
logic__18: 
muxpart__51: 
case__233: 
case__238: 
VectArray__parameterized0: 
logic__1021: 
reg__91: 
muxpart__9: 
logic__598: 
logic__913: 
logic__871: 
logic__918: 
reg__72: 
case__132: 
case__163: 
case__158: 
case__30: 
case__150: 
logic__874: 
logic__649: 
logic__815: 
reg__53: 
logic__211: 
case__352: 
case__254: 
muxpart__11: 
muxpart__159: 
case__188: 
logic__876: 
reg__65: 
logic__372: 
case__161: 
muxpart__109: 
case__358: 
reg__63: 
datapath__17: 
case__23: 
muxpart__102: 
logic__95: 
muxpart__39: 
muxpart__128: 
logic__648: 
logic__591: 
logic__570: 
reg__107: 
case__200: 
logic__138: 
datapath__3: 
muxpart__147: 
datapath__4: 
case__1: 
logic__1010: 
case__13: 
muxpart__68: 
case__360: 
case__355: 
muxpart__104: 
logic__387: 
reg__62: 
case__166: 
logic__854: 
logic__483: 
logic__399: 
reg__116: 
case__204: 
logic__810: 
logic__255: 
case__230: 
logic__855: 
muxpart__99: 
reg__94: 
logic__363: 
logic__494: 
logic__23: 
logic__1017: 
logic__984: 
datapath__20: 
logic__189: 
Execute: 
reg__104: 
muxpart__106: 
logic__487: 
muxpart__77: 
muxpart__154: 
logic__64: 
