Slack (VIOLATED) :        -5.631ns  (required time - arrival time)
  Source:                 boxed/op_table_finish_ptr_reg_reg[0]/C
                            (rising edge-triggered cell FDRE clocked by clk  {rise@0.000ns fall@0.250ns period=0.500ns})
  Destination:            boxed/queue_ram_reg_0_0_0/ADDRBWRADDR[0]
                            (rising edge-triggered cell RAMB36E1 clocked by clk  {rise@0.000ns fall@0.250ns period=0.500ns})
  Path Group:             clk
  Path Type:              Setup (Max at Slow Process Corner)
  Requirement:            0.500ns  (clk rise@0.500ns - clk rise@0.000ns)
  Data Path Delay:        5.472ns  (logic 1.276ns (23.321%)  route 4.196ns (76.679%))
  Logic Levels:           9  (CARRY4=2 LUT4=2 LUT5=1 LUT6=3 RAMD32=1)
  Clock Path Skew:        -0.145ns (DCD - SCD + CPR)
    Destination Clock Delay (DCD):    1.860ns = ( 2.360 - 0.500 ) 
    Source Clock Delay      (SCD):    2.117ns
    Clock Pessimism Removal (CPR):    0.112ns
  Clock Uncertainty:      0.035ns  ((TSJ^2 + TIJ^2)^1/2 + DJ) / 2 + PE
    Total System Jitter     (TSJ):    0.071ns
    Total Input Jitter      (TIJ):    0.000ns
    Discrete Jitter          (DJ):    0.000ns
    Phase Error              (PE):    0.000ns

    Location             Delay type                Incr(ns)  Path(ns)    Netlist Resource(s)
  -------------------------------------------------------------------    -------------------
                         (clock clk rise edge)        0.000     0.000 r  
                                                      0.000     0.000 r  clk (IN)
                         net (fo=0)                   0.000     0.000    clk
                         IBUF (Prop_ibuf_I_O)         0.830     0.830 r  clk_IBUF_inst/O
                         net (fo=1, unplaced)         0.584     1.413    clk_IBUF
                         BUFG (Prop_bufg_I_O)         0.120     1.533 r  clk_IBUF_BUFG_inst/O
                         net (fo=1559, unplaced)      0.584     2.117    boxed/clk
                         FDRE                                         r  boxed/op_table_finish_ptr_reg_reg[0]/C
  -------------------------------------------------------------------    -------------------
                         FDRE (Prop_fdre_C_Q)         0.269     2.386 r  boxed/op_table_finish_ptr_reg_reg[0]/Q
                         net (fo=59, unplaced)        0.744     3.130    boxed/op_table_queue_reg_r1_0_31_0_5/ADDRB0
                         RAMD32 (Prop_ramd32_RADR0_O)
                                                      0.168     3.298 r  boxed/op_table_queue_reg_r1_0_31_0_5/RAMB/O
                         net (fo=13, unplaced)        0.715     4.013    boxed/op_req_pipe_next16[2]
                         LUT6 (Prop_lut6_I0_O)        0.053     4.066 r  boxed/s_axis_dequeue_req_ready_reg_i_285/O
                         net (fo=1, unplaced)         0.000     4.066    boxed/s_axis_dequeue_req_ready_reg_i_285_n_0
                         CARRY4 (Prop_carry4_S[0]_CO[3])
                                                      0.313     4.379 r  boxed/s_axis_dequeue_req_ready_reg_reg_i_180/CO[3]
                         net (fo=1, unplaced)         0.000     4.379    boxed/s_axis_dequeue_req_ready_reg_reg_i_180_n_0
                         CARRY4 (Prop_carry4_CI_CO[1])
                                                      0.108     4.487 f  boxed/s_axis_dequeue_req_ready_reg_reg_i_93/CO[1]
                         net (fo=1, unplaced)         0.452     4.939    boxed/op_req_pipe_next62_out
                         LUT4 (Prop_lut4_I1_O)        0.153     5.092 f  boxed/s_axis_dequeue_req_ready_reg_i_32/O
                         net (fo=1, unplaced)         0.340     5.432    boxed/s_axis_dequeue_req_ready_reg_i_32_n_0
                         LUT5 (Prop_lut5_I4_O)        0.053     5.485 f  boxed/s_axis_dequeue_req_ready_reg_i_9/O
                         net (fo=1, unplaced)         0.340     5.825    boxed/s_axis_dequeue_req_ready_reg_i_9_n_0
                         LUT6 (Prop_lut6_I4_O)        0.053     5.878 f  boxed/s_axis_dequeue_req_ready_reg_i_2/O
                         net (fo=39, unplaced)        0.597     6.475    boxed/s_axis_dequeue_req_ready_reg_i_2_n_0
                         LUT4 (Prop_lut4_I1_O)        0.053     6.528 f  boxed/queue_ram_addr_pipeline_reg[0][15]_i_2/O
                         net (fo=176, unplaced)       0.424     6.952    boxed/queue_ram_addr_pipeline_reg[0][15]_i_2_n_0
                         LUT6 (Prop_lut6_I2_O)        0.053     7.005 r  boxed/queue_ram_addr_pipeline_reg[0][0]_i_1/O
                         net (fo=23, unplaced)        0.584     7.589    boxed/queue_ram_addr_pipeline_reg[0][0]_i_1_n_0
                         RAMB36E1                                     r  boxed/queue_ram_reg_0_0_0/ADDRBWRADDR[0]
  -------------------------------------------------------------------    -------------------

                         (clock clk rise edge)        0.500     0.500 r  
                                                      0.000     0.500 r  clk (IN)
                         net (fo=0)                   0.000     0.500    clk
                         IBUF (Prop_ibuf_I_O)         0.754     1.254 r  clk_IBUF_inst/O
                         net (fo=1, unplaced)         0.554     1.808    clk_IBUF
                         BUFG (Prop_bufg_I_O)         0.113     1.921 r  clk_IBUF_BUFG_inst/O
                         net (fo=1559, unplaced)      0.439     2.360    boxed/clk
                         RAMB36E1                                     r  boxed/queue_ram_reg_0_0_0/CLKBWRCLK
                         clock pessimism              0.112     2.472    
                         clock uncertainty           -0.035     2.437    
                         RAMB36E1 (Setup_ramb36e1_CLKBWRCLK_ADDRBWRADDR[0])
                                                     -0.479     1.958    boxed/queue_ram_reg_0_0_0
  -------------------------------------------------------------------
                         required time                          1.958    
                         arrival time                          -7.589    
  -------------------------------------------------------------------
                         slack                                 -5.631    




