Slack:                    inf
  Source:                 s_tdata[1][1]
                            (input port)
  Destination:            m_tdata[29]
                            (output port)
  Path Group:             (none)
  Path Type:              Max at Slow Process Corner
  Data Path Delay:        5.503ns  (logic 4.336ns (78.790%)  route 1.167ns (21.210%))
  Logic Levels:           11  (CARRY4=8 IBUF=1 LUT2=1 OBUF=1)

    Location             Delay type                Incr(ns)  Path(ns)    Netlist Resource(s)
  -------------------------------------------------------------------    -------------------
                                                      0.000     0.000 r  s_tdata[1][1] (IN)
                         net (fo=0)                   0.000     0.000    s_tdata[1][1]
                         IBUF (Prop_ibuf_I_O)         0.830     0.830 r  m_tdata_OBUF[3]_inst_i_12/O
                         net (fo=1, unplaced)         0.584     1.413    m_tdata_OBUF[3]_inst_i_12_n_0
                         LUT2 (Prop_lut2_I1_O)        0.053     1.466 r  m_tdata_OBUF[3]_inst_i_8/O
                         net (fo=1, unplaced)         0.000     1.466    m_tdata_OBUF[3]_inst_i_8_n_0
                         CARRY4 (Prop_carry4_S[1]_CO[3])
                                                      0.324     1.790 r  m_tdata_OBUF[3]_inst_i_1/CO[3]
                         net (fo=1, unplaced)         0.000     1.790    m_tdata_OBUF[3]_inst_i_1_n_0
                         CARRY4 (Prop_carry4_CI_CO[3])
                                                      0.058     1.848 r  m_tdata_OBUF[7]_inst_i_1/CO[3]
                         net (fo=1, unplaced)         0.000     1.848    m_tdata_OBUF[7]_inst_i_1_n_0
                         CARRY4 (Prop_carry4_CI_CO[3])
                                                      0.058     1.906 r  m_tdata_OBUF[11]_inst_i_1/CO[3]
                         net (fo=1, unplaced)         0.000     1.906    m_tdata_OBUF[11]_inst_i_1_n_0
                         CARRY4 (Prop_carry4_CI_CO[3])
                                                      0.058     1.964 r  m_tdata_OBUF[15]_inst_i_1/CO[3]
                         net (fo=1, unplaced)         0.000     1.964    m_tdata_OBUF[15]_inst_i_1_n_0
                         CARRY4 (Prop_carry4_CI_CO[3])
                                                      0.058     2.022 r  m_tdata_OBUF[19]_inst_i_1/CO[3]
                         net (fo=1, unplaced)         0.000     2.022    m_tdata_OBUF[19]_inst_i_1_n_0
                         CARRY4 (Prop_carry4_CI_CO[3])
                                                      0.058     2.080 r  m_tdata_OBUF[23]_inst_i_1/CO[3]
                         net (fo=1, unplaced)         0.000     2.080    m_tdata_OBUF[23]_inst_i_1_n_0
                         CARRY4 (Prop_carry4_CI_CO[3])
                                                      0.058     2.138 r  m_tdata_OBUF[27]_inst_i_1/CO[3]
                         net (fo=1, unplaced)         0.000     2.138    m_tdata_OBUF[27]_inst_i_1_n_0
                         CARRY4 (Prop_carry4_CI_O[1])
                                                      0.220     2.358 r  m_tdata_OBUF[31]_inst_i_1/O[1]
                         net (fo=1, unplaced)         0.584     2.942    m_tdata_OBUF[29]
                         OBUF (Prop_obuf_I_O)         2.561     5.503 r  m_tdata_OBUF[29]_inst/O
                         net (fo=0)                   0.000     5.503    m_tdata[29]
                                                                      r  m_tdata[29] (OUT)
  -------------------------------------------------------------------    -------------------




