case__226: 
muxpart__59: 
logic__313: 
logic__277: 
reg__50: 
muxpart__50: 
muxpart__84: 
logic__478: 
case__144: 
muxpart__89: 
logic__1015: 
logic__597: 
muxpart__41: 
case__66: 
logic__130: 
case__47: 
reg__48: 
logic__429: 
muxpart__152: 
case__195: 
logic__380: 
logic__219: 
logic__394: 
logic__1037: 
case__69: 
case__351: 
case__89: 
case__125: 
reg__78: 
logic__634: 
muxpart__28: 
AddrGenerator: 
logic__134: 
case__202: 
case__86: 
reg__44: 
logic__231: 
logic__318: 
reg__94: 
case__70: 
logic__360: 
case__182: 
logic__556: 
case__330: 
muxpart__42: 
case__239: 
logic__524: 
reg__110: 
logic__176: 
case__43: 
case__225: 
logic__892: 
muxpart__66: 
datapath__18: 
logic__926: 
datapath__19: 
logic__15: 
logic__583: 
reg__60: 
case__321: 
case__243: 
case__154: 
logic__561: 
logic__297: 
case__11: 
reg__7: 
case__352: 
muxpart__147: 
logic__207: 
reg__109: 
case__138: 
case__343: 
muxpart__87: 
case__168: 
case__308: 
case__304: 
case__51: 
logic__934: 
case__309: 
logic__305: 
case__146: 
logic__591: 
reg__100: 
case__48: 
reg__85: 
case__199: 
datapath__5: 
logic__251: 
case__210: 
logic__631: 
case__244: 
reg__18: 
muxpart__5: 
logic__99: 
logic__269: 
case__326: 
reg__106: 
case__206: 
reg__119: 
case__220: 
muxpart__157: 
logic__539: 
logic__540: 
case__315: 
logic__348: 
muxpart__45: 
case__306: 
reg__38: 
logic__384: 
case__67: 
case__301: 
logic__203: 
case__246: 
logic__194: 
case__194: 
case__64: 
muxpart__139: 
reg__104: 
muxpart__34: 
logic__1024: 
logic__955: 
logic__483: 
case__128: 
case__234: 
logic__670: 
case__83: 
datapath: 
logic__142: 
logic__150: 
muxpart__141: 
reg__39: 
reg__31: 
logic__555: 
logic__38: 
muxpart__129: 
reg__9: 
reg__55: 
muxpart__44: 
muxpart__20: 
muxpart__135: 
case__71: 
logic__52: 
case__21: 
reg__17: 
logic__570: 
logic__352: 
case__68: 
logic__1018: 
case__22: 
case__166: 
case__310: 
logic__494: 
muxpart__161: 
logic__395: 
reg__24: 
case__78: 
muxpart__1: 
case__38: 
logic__977: 
reg__21: 
muxpart__112: 
logic__875: 
muxpart__53: 
logic__138: 
reg__56: 
logic__181: 
TirexCore: 
logic: 
muxpart__22: 
datapath__7: 
reg__120: 
case__9: 
logic__2: 
muxpart__7: 
logic__1025: 
case__158: 
case__16: 
reg: 
logic__605: 
logic__335: 
muxpart__122: 
case__5: 
reg__41: 
logic__927: 
reg__92: 
case__340: 
reg__107: 
datapath__11: 
logic__944: 
case__7: 
muxpart__86: 
case__20: 
logic__930: 
logic__77: 
logic__255: 
muxpart__73: 
logic__445: 
Mux3In__parameterized1: 
case__337: 
logic__951: 
case__19: 
reg__14: 
muxpart__125: 
muxpart__140: 
case__150: 
logic__1028: 
case__217: 
case__231: 
case__79: 
reg__117: 
case__205: 
logic__223: 
case__350: 
case__333: 
case__53: 
case__198: 
logic__912: 
logic__486: 
case__176: 
logic__544: 
muxpart__61: 
logic__943: 
logic__664: 
reg__95: 
muxpart__55: 
reg__5: 
case__221: 
reg__80: 
logic__498: 
case__72: 
muxpart__145: 
case__184: 
muxpart__158: 
logic__211: 
logic__293: 
case__82: 
muxpart__62: 
logic__9: 
muxpart__96: 
case__322: 
case__29: 
case__34: 
case__214: 
case__207: 
case__229: 
case__318: 
reg__62: 
logic__787: 
case__305: 
muxpart__116: 
reg__2: 
logic__976: 
logic__327: 
logic__928: 
logic__124: 
logic__1036: 
muxpart__126: 
reg__81: 
case__23: 
logic__98: 
reg__74: 
logic__18: 
logic__376: 
case__76: 
case__334: 
datapath__20: 
logic__660: 
datapath__2: 
logic__455: 
logic__963: 
logic__355: 
logic__884: 
case__312: 
logic__908: 
muxpart__106: 
logic__112: 
case__136: 
reg__34: 
logic__262: 
Tile: 
case__341: 
logic__491: 
logic__598: 
logic__677: 
logic__1040: 
logic__321: 
case__179: 
RamInstr: 
muxpart__90: 
case__165: 
StackBuffer: 
logic__111: 
case__332: 
muxpart__70: 
case__55: 
Engine: 
case__336: 
logic__1153: 
case__181: 
reg__65: 
logic__125: 
case__323: 
logic__1003: 
logic__920: 
case__218: 
Execute: 
reg__67: 
case__230: 
reg__108: 
logic__888: 
logic__1011: 
muxpart__115: 
muxpart__32: 
case__241: 
logic__164: 
reg__52: 
logic__989: 
reg__40: 
reg__116: 
logic__923: 
case__328: 
reg__82: 
logic__893: 
logic__309: 
logic__186: 
logic__548: 
muxpart__104: 
logic__441: 
reg__35: 
logic__663: 
case__130: 
muxpart__38: 
case__208: 
reg__51: 
case__33: 
logic__243: 
logic__1033: 
logic__314: 
muxpart__153: 
case__204: 
logic__919: 
muxpart__120: 
reg__32: 
reg__33: 
logic__463: 
muxpart__110: 
logic__887: 
reg__88: 
muxpart__80: 
logic__169: 
muxpart__47: 
logic__909: 
reg__87: 
reg__46: 
box: 
logic__72: 
reg__25: 
case__26: 
case__175: 
case__14: 
logic__911: 
case__80: 
case__319: 
logic__1000: 
muxpart__136: 
reg__90: 
reg__105: 
logic__460: 
case__192: 
logic__409: 
case__237: 
case__81: 
logic__368: 
case__188: 
case__91: 
logic__301: 
case__348: 
logic__612: 
reg__57: 
case__325: 
logic__961: 
reg__79: 
case__335: 
case__25: 
case__211: 
muxpart__162: 
logic__649: 
muxpart__150: 
logic__104: 
logic__51: 
muxpart__4: 
case__44: 
logic__467: 
case__327: 
logic__371: 
logic__1: 
logic__907: 
logic__43: 
case__238: 
reg__84: 
reg__70: 
logic__990: 
reg__64: 
case__178: 
logic__26: 
logic__322: 
logic__952: 
logic__517: 
reg__76: 
case__345: 
reg__27: 
case__174: 
muxpart__123: 
muxpart__142: 
logic__433: 
logic__1027: 
case__171: 
logic__1155: 
logic__642: 
logic__289: 
logic__918: 
muxpart__26: 
muxpart__92: 
reg__97: 
case__152: 
logic__103: 
logic__584: 
RamData: 
logic__402: 
case__35: 
case__2: 
logic__387: 
case__134: 
logic__344: 
muxpart__163: 
muxpart__14: 
case__196: 
case__148: 
logic__960: 
muxpart__29: 
muxpart__13: 
case__132: 
reg__11: 
logic__1007: 
case__56: 
muxpart: 
datapath__8: 
case__200: 
logic__501: 
logic__182: 
reg__66: 
reg__3: 
logic__957: 
muxpart__160: 
muxpart__3: 
signinv: 
case__57: 
reg__121: 
case__28: 
case__84: 
logic__929: 
logic__379: 
case__349: 
case__302: 
case__212: 
logic__885: 
logic__235: 
case__320: 
datapath__14: 
Cluster: 
logic__882: 
case__344: 
logic__914: 
logic__993: 
logic__777: 
muxpart__56: 
reg__83: 
muxpart__11: 
logic__771: 
reg__42: 
reg__47: 
muxpart__23: 
case__163: 
muxpart__78: 
case__167: 
muxpart__75: 
logic__915: 
case__193: 
logic__509: 
logic__671: 
reg__12: 
reg__75: 
case__49: 
logic__363: 
case__162: 
case__245: 
reg__30: 
muxpart__138: 
case__347: 
logic__966: 
muxpart__99: 
logic__536: 
datapath__1: 
muxpart__156: 
case__183: 
Mux: 
case__41: 
logic__91: 
muxpart__155: 
VectArray__parameterized0: 
logic__456: 
logic__6: 
reg__115: 
logic__956: 
case__13: 
case__59: 
logic__690: 
case: 
muxpart__159: 
logic__933: 
muxpart__132: 
reg__103: 
logic__273: 
logic__878: 
logic__913: 
logic__574: 
logic__33: 
logic__904: 
logic__10: 
muxpart__146: 
case__46: 
case__307: 
logic__962: 
logic__198: 
reg__1: 
logic__656: 
case__160: 
reg__89: 
logic__85: 
case__300: 
logic__90: 
logic__1151: 
reg__20: 
case__61: 
Mux3In: 
logic__773: 
reg__26: 
case__342: 
case__316: 
logic__95: 
muxpart__109: 
case__85: 
logic__502: 
logic__941: 
logic__73: 
logic__452: 
logic__425: 
reg__118: 
case__156: 
logic__46: 
reg__37: 
reg__28: 
reg__99: 
logic__487: 
logic__795: 
muxpart__148: 
case__223: 
muxpart__94: 
case__187: 
muxpart__82: 
logic__880: 
logic__199: 
datapath__12: 
reg__86: 
muxpart__16: 
logic__988: 
case__177: 
logic__39: 
logic__448: 
logic__34: 
case__42: 
logic__30: 
muxpart__100: 
reg__23: 
case__197: 
logic__406: 
logic__575: 
case__216: 
logic__137: 
logic__619: 
logic__869: 
logic__602: 
case__172: 
muxpart__8: 
case__40: 
case__10: 
logic__147: 
reg__49: 
case__87: 
logic__532: 
case__213: 
logic__421: 
reg__53: 
logic__985: 
case__222: 
case__127: 
logic__925: 
logic__931: 
addsub: 
reg__10: 
muxpart__54: 
muxpart__17: 
datapath__16: 
case__331: 
muxpart__144: 
logic__59: 
reg__59: 
case__313: 
case__1: 
logic__437: 
logic__641: 
case__311: 
logic__894: 
logic__108: 
case__63: 
case__169: 
logic__239: 
case__186: 
case__219: 
case__164: 
muxpart__58: 
logic__151: 
logic__163: 
logic__895: 
case__126: 
logic__564: 
muxpart__102: 
reg__19: 
case__32: 
logic__410: 
logic__590: 
reg__13: 
reg__63: 
reg__114: 
case__233: 
logic__682: 
logic__339: 
case__317: 
logic__883: 
reg__15: 
case__228: 
logic__285: 
case__142: 
logic__879: 
case__314: 
logic__424: 
case__235: 
logic__528: 
logic__65: 
reg__71: 
muxpart__97: 
case__94: 
case__24: 
muxpart__2: 
case__37: 
case__77: 
logic__932: 
reg__8: 
reg__72: 
case__8: 
logic__689: 
case__92: 
reg__29: 
datapath__4: 
logic__531: 
case__180: 
muxpart__154: 
reg__6: 
muxpart__128: 
logic__565: 
logic__573: 
reg__54: 
logic__613: 
muxpart__64: 
datapath__15: 
muxpart__51: 
logic__340: 
Reg: 
case__236: 
reg__36: 
case__58: 
muxpart__113: 
case__75: 
logic__1002: 
case__50: 
logic__82: 
muxpart__130: 
logic__479: 
logic__922: 
muxpart__91: 
logic__227: 
case__329: 
case__15: 
muxpart__10: 
case__346: 
logic__1001: 
reg__22: 
logic__521: 
logic__64: 
case__90: 
logic__11: 
reg__16: 
reg__102: 
logic__168: 
case__209: 
logic__156: 
case__12: 
reg__93: 
logic__129: 
case__6: 
muxpart__12: 
case__17: 
logic__620: 
logic__160: 
muxpart__19: 
logic__475: 
case__189: 
muxpart__6: 
logic__987: 
muxpart__151: 
logic__1026: 
logic__47: 
case__4: 
logic__23: 
logic__440: 
datapath__10: 
muxpart__31: 
Mux3In__parameterized0: 
logic__694: 
reg__58: 
case__36: 
logic__372: 
logic__364: 
logic__347: 
reg__101: 
Reg__parameterized1: 
muxpart__9: 
logic__1154: 
case__324: 
logic__686: 
logic__924: 
muxpart__119: 
logic__516: 
datapath__9: 
case__224: 
reg__77: 
muxpart__133: 
case__60: 
case__62: 
logic__116: 
reg__61: 
logic__606: 
case__31: 
case__18: 
logic__995: 
logic__655: 
logic__901: 
logic__506: 
logic__1152: 
logic__334: 
logic__69: 
logic__678: 
reg__45: 
case__27: 
datapath__17: 
case__45: 
logic__886: 
logic__1021: 
muxpart__107: 
logic__626: 
muxpart__36: 
logic__78: 
case__303: 
muxpart__25: 
case__339: 
logic__86: 
reg__96: 
logic__414: 
muxpart__39: 
case__54: 
logic__281: 
logic__946: 
logic__356: 
logic__155: 
logic__775: 
logic__580: 
case__170: 
case__203: 
logic__994: 
logic__121: 
case__173: 
datapath__3: 
CompareUnit: 
logic__627: 
case__247: 
muxpart__68: 
Reg__parameterized0: 
logic__190: 
case__185: 
case__73: 
logic__143: 
logic__552: 
reg__98: 
logic__648: 
logic__19: 
muxpart__77: 
reg__113: 
muxpart__117: 
case__3: 
logic__513: 
logic__471: 
case__88: 
case__74: 
logic__881: 
logic__56: 
logic__1029: 
VectArray: 
case__52: 
logic__921: 
logic__417: 
case__30: 
reg__73: 
logic__635: 
muxpart__143: 
ClusterMux: 
datapath__13: 
logic__794: 
case__161: 
logic__942: 
logic__391: 
ControlPath: 
logic__1032: 
logic__983: 
logic__910: 
reg__91: 
case__338: 
logic__189: 
datapath__6: 
case__140: 
logic__331: 
FetchDecode: 
muxpart__71: 
logic__117: 
logic__173: 
logic__945: 
logic__247: 
case__215: 
logic__177: 
muxpart__93: 
muxpart__48: 
logic__326: 
muxpart__103: 
case__354: 
reg__69: 
logic__432: 
logic__399: 
case__232: 
logic__215: 
case__96: 
logic__547: 
case__240: 
case__201: 
logic__999: 
logic__470: 
reg__4: 
case__242: 
case__39: 
case__353: 
case__191: 
reg__43: 
reg__68: 
case__93: 
case__227: 
muxpart__149: 
case__65: 
logic__986: 
case__190: 
logic__60: 
